// Jest Snapshot v1, https://goo.gl/fbAQLP

exports[`Testing main App component rendering it should match the App snapshot 1`] = `ShallowWrapper {}`;
