// Jest Snapshot v1, https://goo.gl/fbAQLP

exports[`Testing footer component it should match the Footer snapshot 1`] = `
<footer
  className="footer page__footer"
>
  <div
    className="footer__madewithlove"
  >
    Made with Love 4 U by Sabrina
  </div>
</footer>
`;
