// Jest Snapshot v1, https://goo.gl/fbAQLP

exports[`Testing Header component it should match the Header snapshot 1`] = `ShallowWrapper {}`;
